

****** Exception Log Start ******

Tartaros caused a Breakpoint in module Tartaros.bin at 0023:00810ad5.
Error occurred at 9/12/2017 17:40:34.
D:\PG-Source\InternalLib\PatchApps\Installer\GSP\InstallFiles\Tartaros.bin, run by sisibo.
Windows NT version 6.2 (build 9200) .
8 processor(s), type 586.
2048 MBytes physical memory.
User ID: <unknown>

Registers:
EAX=0c9aebf8 CS=0023 EIP=00810ad5 EFLGS=00200246
EBX=0f65a268 SS=002b ESP=00193d78 EBP=00193da0
ECX=00000003 DS=002b ESI=0f65a268 FS=0053
EDX=0000000f ES=002b EDI=00000013 GS=002b
Bytes at CS:EIP:
cc 8d 45 e4 8b d3 47 e8 1f 6a cc ff 3b 78 08 75 
Stack dump:
00193d78: 28039938 2cfb8108 00000000 0f9f56a8 00000000 000000e0 0f9f56a8 00000000
00193d98: 00000002 0f65a280 00193dd8 0080f819 0000000f 00811e04 27ff7ff8 0080a57b
00193db8: 8e04ae1d ffffffff 00000001 00000000 071d2a50 00193dfc 0090c0ee ffffffff
00193dd8: 00193e08 0048d29f 00faa028 8e04ae2d 00193e50 06f2a008 00201000 00193e08
00193df8: 00891ec8 0019fed4 00949daa ffffffff 0019fee0 006de4ff 00193e50 00193e50
00193e18: 004a37cb 8e04ade5 00897699 00000000 00000000 00000000 00000000 00000000
00193e38: 00000000 00000000 00000000 00000000 00c04a9c 00000000 00c04aa4 00000000
00193e58: 00101990 00cf0000 160f2be0 06f2a018 00000000 00000000 00000000 00c04604
00193e78: 00c045e0 00000000 00000000 00000000 00000780 00000438 d7b1ceb7 bc20cec0
00193e98: bff6b9ad a2c120a1 cfc7d3bc b820f6c1 bddfc7f8 b4cfb4c0 00002ed9 00000000
00193eb8: 00000000 00000000 00000000 00000000 00000000 00000000 00000000 00000000
00193ed8: 00000000 00000000 00000000 00000000 00000000 00000000 00000000 00000000
00193ef8: 00000000 00000000 00000000 00000000 00000000 00000000 00000000 00000000
00193f18: 00000000 00000000 00000000 00000000 00000000 00000000 00000000 00000000
00193f38: 00000000 00000000 00000000 00000000 00000000 00000000 00000000 00000000
00193f58: 00000000 00000000 00000000 00000000 00000000 00000000 00000000 00000000
00193f78: 00000000 00000000 00000000 00000000 00000000 00000000 00c04aec 3a498be3
00193f98: 00000000 3a498be3 3a498be3 3a498be3 3a498be3 3a498be3 3a498be3 00000000
00193fb8: 00000000 00190000 3a498c07 00000000 3a498c07 3a498c07 3a498c07 3a498c07
00193fd8: 3a498c07 3a498c07 00000000 00000000 00190000 000000e2 3a496eef 00000000
00193ff8: 00000000 00000000 00000001 00000000 00000000 00000000 00000000 00000000
00194018: 3a498c07 00000000 00000000 00000000 00000000 00000000 00000000 00000000
00194038: 00000000 00000000 00000000 00000000 00c04b04 00000000 00495030 00000000
00194058: 00bf1375 00000000 00495030 00000000 00bf1375 00000000 00495030 00000000
00194078: 00bf1375 00000000 00495030 00000000 00bf1375 00000000 00495030 00000000
00194098: 00bf1375 00000000 00495030 00000000 00bf1375 00000000 00495030 00000000
001940b8: 00bf1375 00000000 00495030 00000000 00bf1375 00000000 00495030 00000000
001940d8: 00bf1375 00000000 00495030 00000000 00bf1375 00000000 00495030 00000000
001940f8: 00bf1375 00000000 00495030 00000000 00bf1375 00000000 00495030 00000000
00194118: 00bf1375 00000000 00495030 00000000 00bf1375 00000000 00495030 00000000
00194138: 00bf1375 00000000 00495030 00000000 00bf1375 00000000 00495030 00000000
00194158: 00bf1375 00000000 00495030 00000000 00bf1375 00000000 00495030 00000000
00194178: 00bf1375 00000000 00495030 00000000 00bf1375 00000000 00495030 00000000
00194198: 00bf1375 00000000 00495030 00000000 00bf1375 00000000 00495030 00000000
001941b8: 00bf1375 00000000 00495030 00000000 00bf1375 00000000 00495030 00000000
001941d8: 00bf1375 00000000 00495450 00000000 00bf1375 00000000 00495030 00000000
001941f8: 00bf1375 00000000 00495030 00000000 00bf1375 00000000 00495080 00000000
00194218: 00bf1375 00000000 00495030 00000000 00bf1375 00000000 00495080 00000000
00194238: 00bf1375 00000000 00495030 00000000 00bf1375 00000000 00495080 00000000
00194258: 00bf1375 00000000 00495030 00000000 00bf1375 00000000 00495030 00000000
00194278: 00bf1375 00000000 00495530 00000000 00bf1375 00000000 00495760 00000000
00194298: 00bf1375 00000000 00495030 00000000 00bf1375 00000000 00495030 00000000
001942b8: 00bf1375 00000000 00495030 00000000 00bf1375 00000000 00495030 00000000
001942d8: 00bf1375 00000000 00495080 00000000 00bf1375 00000000 00495080 00000000
001942f8: 00bf1375 00000000 00495080 00000000 00bf1375 00000000 00495080 00000000
00194318: 00bf1375 00000000 00495080 00000000 00bf1375 00000000 00495030 00000000
00194338: 00bf1375 00000000 004959a0 00000000 00bf1375 00000000 00495030 00000000
00194358: 00bf1375 00000000 00495030 00000000 00bf1375 00000000 00495030 00000000
00194378: 00bf1375 00000000 00495030 00000000 00bf1375 00000000 00495030 00000000
00194398: 00bf1375 00000000 00495030 00000000 00bf1375 00000000 00495030 00000000
001943b8: 00bf1375 00000000 00495030 00000000 00bf1375 00000000 00495030 00000000
001943d8: 00bf1375 00000000 00495030 00000000 00bf1375 00000000 00495030 00000000
001943f8: 00bf1375 00000000 00495030 00000000 00bf1375 00000000 00495080 00000000
00194418: 00bf1375 00000000 00495030 00000000 00bf1375 00000000 00495030 00000000
00194438: 00bf1375 00000000 00495030 00000000 00bf1375 00000000 00495110 00000000
00194458: 00bf1375 00000000 00495030 00000000 00bf1375 00000000 00495030 00000000
00194478: 00bf1375 00000000 00495030 00000000 00bf1375 00000000 00495080 00000000
00194498: 00bf1375 00000000 00495110 00000000 00bf1375 00000000 00495110 00000000
001944b8: 00bf1375 00000000 00495110 00000000 00bf1375 00000000 00495030 00000000
001944d8: 00bf1375 00000000 00495030 00000000 00bf1375 00000000 00495030 00000000
001944f8: 00bf1375 00000000 00495030 00000000 00bf1375 00000000 00495030 00000000
00194518: 00bf1375 00000000 00495030 00000000 00bf1375 00000000 00495030 00000000
00194538: 00bf1375 00000000 00495030 00000000 00bf1375 00000000 00495030 00000000
00194558: 00bf1375 00000000 00495030 00000000 00bf1375 00000000 00495030 00000000
00194578: 00bf1375 00000000 004951a0 00000000 00bf1375 00000000 004951a0 00000000
00194598: 00bf1375 00000000 004951a0 00000000 00bf1375 00000000 004951a0 00000000
001945b8: 00bf1375 00000000 004951a0 00000000 00bf1375 00000000 004951a0 00000000
001945d8: 00bf1375 00000000 00495030 00000000 00bf1375 00000000 004951a0 00000000
001945f8: 00bf1375 00000000 00495030 00000000 00bf1375 00000000 00495030 00000000
00194618: 00bf1375 00000000 00495030 00000000 00bf1375 00000000 00495030 00000000
00194638: 00bf1375 00000000 00495030 00000000 00bf1375 00000000 00495030 00000000
00194658: 00bf1375 00000000 00495080 00000000 00bf1375 00000000 00495030 00000000
00194678: 00bf1375 00000000 00495030 00000000 00bf1375 00000000 00495110 00000000
00194698: 00bf1375 00000000 00495110 00000000 00bf1375 00000000 00495080 00000000
001946b8: 00bf1375 00000000 00495080 00000000 00bf1375 00000000 00495030 00000000
001946d8: 00bf1375 00000000 00495030 00000000 00bf1375 00000000 00495030 00000000
001946f8: 00bf1375 00000000 00495030 00000000 00bf1375 00000000 00495030 00000000
00194718: 00bf1375 00000000 00495030 00000000 00bf1375 00000000 00495030 00000000
00194738: 00bf1375 00000000 00495110 00000000 00bf1375 00000000 00495080 00000000
00194758: 00bf1375 00000000 00495030 00000000 00bf1375 00000000 00495110 00000000
00194778: 00bf1375 00000000 00495030 00000000 00bf1375 00000000 00495110 00000000
00194798: 00bf1375 00000000 00495030 00000000 00bf1375 00000000 00495030 00000000
001947b8: 00bf1375 00000000 00495420 00000000 00bf1375 00000000 00495080 00000000
001947d8: 00bf1375 00000000 00495030 00000000 00bf1375 00000000 00495030 00000000
001947f8: 00bf1375 00000000 00495080 00000000 00bf1375 00000000 00495030 00000000
00194818: 00bf1375 00000000 00495080 00000000 00bf1375 00000000 00495080 00000000
00194838: 00bf1375 00000000 00495030 00000000 00bf1375 00000000 00495080 00000000
00194858: 00bf1375 00000000 00495080 00000000 00bf1375 00000000 00495030 00000000
00194878: 00bf1375 00000000 00495080 00000000 00bf1375 00000000 00495080 00000000
00194898: 00bf1375 00000000 004951a0 00000000 00bf1375 00000000 004951a0 00000000
001948b8: 00bf1375 00000000 004951a0 00000000 00bf1375 00000000 00495230 00000000
001948d8: 00bf1375 00000000 00495230 00000000 00bf1375 00000000 00495230 00000000
001948f8: 00bf1375 00000000 00495230 00000000 00bf1375 00000000 00495230 00000000
00194918: 00bf1375 00000000 00495230 00000000 00bf1375 00000000 00495230 00000000
00194938: 00bf1375 00000000 00495230 00000000 00bf1375 00000000 00495230 00000000
00194958: 00bf1375 00000000 00495030 00000000 00bf1375 00000000 00495080 00000000
00194978: 00bf1375 00000000 00495080 00000000 00bf1375 00000000 00495030 00000000
00194998: 00bf1375 00000000 00495030 00000000 00bf1375 00000000 00495030 00000000
001949b8: 00bf1375 00000000 00495030 00000000 00bf1375 00000000 00495030 00000000
001949d8: 00bf1375 00000000 00495030 00000000 00bf1375 00000000 00495030 00000000
001949f8: 00bf1375 00000000 00495030 00000000 00bf1375 00000000 00495030 00000000
00194a18: 00bf1375 00000000 00495030 00000000 00bf1375 00000000 00495030 00000000
00194a38: 00bf1375 00000000 004953e0 00000000 00bf1375 00000000 004953e0 00000000
00194a58: 00bf1375 00000000 004953e0 00000000 00bf1375 00000000 004953e0 00000000
00194a78: 00bf1375 00000000 004953e0 00000000 00bf1375 00000000 00495030 00000000
00194a98: 00bf1375 00000000 00495030 00000000 00bf1375 00000000 00495030 00000000
00194ab8: 00bf1375 00000000 00495030 00000000 00bf1375 00000000 00495030 00000000
00194ad8: 00bf1375 00000000 00495030 00000000 00bf1375 00000000 00495030 00000000
00194af8: 00bf1375 00000000 00495030 00000000 00bf1375 00000000 00495030 00000000
00194b18: 00bf1375 00000000 00495080 00000000 00bf1375 00000000 00495080 00000000
00194b38: 00bf1375 00000000 00495030 00000000 00bf1375 00000000 00495080 00000000
00194b58: 00bf1375 00000000 00495030 00000000 00bf1375 00000000 00495080 00000000
00194b78: 00bf1375 00000000 00495350 00000000 00bf1375 00000000 00495030 00000000
00194b98: 00bf1375 00000000 00495030 00000000 00bf1375 00000000 00495030 00000000
00194bb8: 00bf1375 00000000 00495030 00000000 00bf1375 00000000 00497040 00000000
00194bd8: 00bf1375 00000000 00497040 00000000 00bf1375 00000000 00495030 00000000
00194bf8: 00bf1375 00000000 00495f40 00000000 00bf1375 00000000 00495030 00000000
00194c18: 00bf1375 00000000 00495030 00000000 00bf1375 00000000 00495030 00000000
00194c38: 00bf1375 00000000 00495030 00000000 00bf1375 00000000 00495030 00000000
00194c58: 00bf1375 00000000 00495080 00000000 00bf1375 00000000 00495080 00000000
00194c78: 00bf1375 00000000 00495080 00000000 00bf1375 00000000 00495080 00000000
00194c98: 00bf1375 00000000 00495080 00000000 00bf1375 00000000 00495080 00000000
00194cb8: 00bf1375 00000000 00495030 00000000 00bf1375 00000000 00495030 00000000
00194cd8: 00bf1375 00000000 00495030 00000000 00bf1375 00000000 00495030 00000000
00194cf8: 00bf1375 00000000 00495030 00000000 00bf1375 00000000 00495030 00000000
00194d18: 00bf1375 00000000 00495030 00000000 00bf1375 00000000 00495030 00000000
00194d38: 00bf1375 00000000 00495030 00000000 00bf1375 00000000 00495030 00000000
00194d58: 00bf1375 00000000 00495030 00000000 00bf1375 00000000 00496720 00000000
00194d78: 00bf1375 00000000 00495030 00000000 00bf1375 00000000 00495080 00000000
00194d98: 00bf1375 00000000 00495080 00000000 00bf1375 00000000 00495080 00000000
00194db8: 00bf1375 00000000 00495080 00000000 00bf1375 00000000 00495030 00000000
00194dd8: 00bf1375 00000000 00495080 00000000 00bf1375 00000000 004966b0 00000000
00194df8: 00bf1375 00000000 00495030 00000000 00bf1375 00000000 00496740 00000000
00194e18: 00bf1375 00000000 00495080 00000000 00bf1375 00000000 00495030 00000000
00194e38: 00bf1375 00000000 00495080 00000000 00bf1375 00000000 00495350 00000000
00194e58: 00bf1375 00000000 00495080 00000000 00bf1375 00000000 00495080 00000000
00194e78: 00bf1375 00000000 00495080 00000000 00bf1375 00000000 00495080 00000000
00194e98: 00bf1375 00000000 00495080 00000000 00bf1375 00000000 00495080 00000000
00194eb8: 00bf1375 00000000 00495080 00000000 00bf1375 00000000 00495080 00000000
00194ed8: 00bf1375 00000000 00495080 00000000 00bf1375 00000000 00495080 00000000
00194ef8: 00bf1375 00000000 00495030 00000000 00bf1375 00000000 00495030 00000000
00194f18: 00bf1375 00000000 00495030 00000000 00bf1375 00000000 00495030 00000000
00194f38: 00bf1375 00000000 004953e0 00000000 00bf1375 00000000 004953e0 00000000
00194f58: 00bf1375 00000000 004953e0 00000000 00bf1375 00000000 004953e0 00000000
00194f78: 00bf1375 00000000 004953e0 00000000 00bf1375 00000000 00495080 00000000
00194f98: 00bf1375 00000000 00496850 00000000 00bf1375 00000000 00496910 00000000
00194fb8: 00bf1375 00000000 00496ca0 00000000 00bf1375 00000000 00496cb0 00000000
00194fd8: 00bf1375 00000000 00496fb0 00000000 00bf1375 00000000 00496f30 00000000
00194ff8: 00bf1375 00000000 00495030 00000000 00bf1375 00000000 00495080 00000000
00195018: 00bf1375 00000000 00495080 00000000 00bf1375 00000000 00497040 00000000
00195038: 00bf1375 00000000 00497040 00000000 00bf1375 00000000 00497040 00000000
00195058: 00bf1375 00000000 00495030 00000000 00bf1375 00000000 00495030 00000000
00195078: 00bf1375 00000000 00495030 00000000 00bf1375 00000000 00495030 00000000
00195098: 00bf1375 00000000 00497050 00000000 00bf1375 00000000 00495080 00000000
001950b8: 00bf1375 00000000 00495080 00000000 00bf1375 00000000 00495080 00000000
001950d8: 00bf1375 00000000 004952c0 00000000 00bf1375 00000000 004952c0 00000000
001950f8: 00bf1375 00000000 004952c0 00000000 00bf1375 00000000 004952c0 00000000
00195118: 00bf1375 00000000 00497280 00000000 00bf1375 00000000 00497370 00000000
00195138: 00bf1375 00000000 00495030 00000000 00bf1375 00000000 00495030 00000000
00195158: 00bf1375 00000000 00495030 00000000 00bf1375 00000000 00495030 00000000
00195178: 00bf1375 00000000 004976f0 00000000 00bf1375 00000000 00498a10 00000000
00195198: 00bf1375 00000000 00495030 00000000 00bf1375 00000000 00495030 00000000
001951b8: 00bf1375 00000000 00495030 00000000 00bf1375 00000000 00495030 00000000
001951d8: 00bf1375 00000000 00495030 00000000 00bf1375 00000000 00497c30 00000000
001951f8: 00bf1375 00000000 00497040 00000000 00bf1375 00000000 00497040 00000000
00195218: 00bf1375 00000000 00495030 00000000 00bf1375 00000000 00497db0 00000000
00195238: 00bf1375 00000000 00495080 00000000 00bf1375 00000000 00495080 00000000
00195258: 00bf1375 00000000 00495080 00000000 00bf1375 00000000 00495080 00000000
00195278: 00bf1375 00000000 00495080 00000000 00bf1375 00000000 00495080 00000000
00195298: 00bf1375 00000000 00495080 00000000 00bf1375 00000000 00495080 00000000
001952b8: 00bf1375 00000000 00495080 00000000 00bf1375 00000000 00495080 00000000
001952d8: 00bf1375 00000000 00495080 00000000 00bf1375 00000000 00495030 00000000
001952f8: 00bf1375 00000000 00495080 00000000 00bf1375 00000000 00495080 00000000
00195318: 00bf1375 00000000 00495080 00000000 00bf1375 00000000 00495080 00000000
00195338: 00bf1375 00000000 00498460 00000000 00bf1375 00000000 00495080 00000000
00195358: 00bf1375 00000000 00495080 00000000 00bf1375 00000000 00495080 00000000
00195378: 00bf1375 00000000 00495080 00000000 00bf1375 00000000 00495080 00000000
00195398: 00bf1375 00000000 00495080 00000000 00bf1375 00000000 00495030 00000000
001953b8: 00bf1375 00000000 00495080 00000000 00bf1375 00000000 00495080 00000000
001953d8: 00bf1375 00000000 00495080 00000000 00bf1375 00000000 00495080 00000000
001953f8: 00bf1375 00000000 00495030 00000000 00bf1375 00000000 00495030 00000000
00195418: 00bf1375 00000000 00495030 00000000 00bf1375 00000000 00495030 00000000
00195438: 00bf1375 00000000 00495030 00000000 00bf1375 00000000 00495080 00000000
00195458: 00bf1375 00000000 00495080 00000000 00bf1375 00000000 00495080 00000000
00195478: 00bf1375 00000000 00495350 00000000 00bf1375 00000000 00495350 00000000
00195498: 00bf1375 00000000 00495030 00000000 00bf1375 00000000 00495080 00000000
001954b8: 00bf1375 00000000 00495080 00000000 00bf1375 00000000 00495080 00000000
001954d8: 00bf1375 00000000 00495030 00000000 00bf1375 00000000 00495080 00000000
001954f8: 00bf1375 00000000 00495030 00000000 00bf1375 00000000 00495080 00000000
00195518: 00bf1375 00000000 00495080 00000000 00bf1375 00000000 00495080 00000000
00195538: 00bf1375 00000000 00495030 00000000 00bf1375 00000000 00495080 00000000
00195558: 00bf1375 00000000 00495030 00000000 00bf1375 00000000 00495030 00000000
00195578: 00bf1375 00000000 00495030 00000000 00bf1375 00000000 00495030 00000000
00195598: 00bf1375 00000000 00495030 00000000 00bf1375 00000000 00495030 00000000
001955b8: 00bf1375 00000000 00495030 00000000 00bf1375 00000000 00495030 00000000
001955d8: 00bf1375 00000000 00495030 00000000 00bf1375 00000000 00495030 00000000
001955f8: 00bf1375 00000000 00495030 00000000 00bf1375 00000000 00495030 00000000
00195618: 00bf1375 00000000 00495030 00000000 00bf1375 00000000 00495030 00000000
00195638: 00bf1375 00000000 00495030 00000000 00bf1375 00000000 00495030 00000000
00195658: 00bf1375 00000000 00495030 00000000 00bf1375 00000000 00495030 00000000
00195678: 00bf1375 00000000 00495030 00000000 00bf1375 00000000 00495030 00000000
00195698: 00bf1375 00000000 00495030 00000000 00bf1375 00000000 00495030 00000000
001956b8: 00bf1375 00000000 00495030 00000000 00bf1375 00000000 00495030 00000000
001956d8: 00bf1375 00000000 00495030 00000000 00bf1375 00000000 00495030 00000000
001956f8: 00bf1375 00000000 00495030 00000000 00bf1375 00000000 00495030 00000000
00195718: 00bf1375 00000000 00495030 00000000 00bf1375 00000000 00495030 00000000
00195738: 00bf1375 00000000 00495030 00000000 00bf1375 00000000 00495030 00000000
00195758: 00bf1375 00000000 00495030 00000000 00bf1375 00000000 00495030 00000000
00195778: 00bf1375 00000000 00495030 00000000 00bf1375 00000000 00495030 00000000
00195798: 00bf1375 00000000 00495030 00000000 00bf1375 00000000 00495030 00000000
001957b8: 00bf1375 00000000 00495030 00000000 00bf1375 00000000 00495030 00000000
001957d8: 00bf1375 00000000 00495030 00000000 00bf1375 00000000 00495030 00000000
001957f8: 00bf1375 00000000 00495030 00000000 00bf1375 00000000 00495030 00000000
00195818: 00bf1375 00000000 00495030 00000000 00bf1375 00000000 00495030 00000000
00195838: 00bf1375 00000000 00495030 00000000 00bf1375 00000000 00495030 00000000
00195858: 00bf1375 00000000 00495030 00000000 00bf1375 00000000 00495030 00000000
00195878: 00bf1375 00000000 00495030 00000000 00bf1375 00000000 00495030 00000000
00195898: 00bf1375 00000000 00495030 00000000 00bf1375 00000000 00495030 00000000
001958b8: 00bf1375 00000000 00495030 00000000 00bf1375 00000000 00495030 00000000
001958d8: 00bf1375 00000000 00495030 00000000 00bf1375 00000000 00495030 00000000
001958f8: 00bf1375 00000000 00495030 00000000 00bf1375 00000000 00495030 00000000
00195918: 00bf1375 00000000 00495030 00000000 00bf1375 00000000 00495030 00000000
00195938: 00bf1375 00000000 00495030 00000000 00bf1375 00000000 00495030 00000000
00195958: 00bf1375 00000000 00495030 00000000 00bf1375 00000000 00495030 00000000
00195978: 00bf1375 00000000 00495030 00000000 00bf1375 00000000 00495030 00000000
00195998: 00bf1375 00000000 00495030 00000000 00bf1375 00000000 00495030 00000000
001959b8: 00bf1375 00000000 00495030 00000000 00bf1375 00000000 00495030 00000000
001959d8: 00bf1375 00000000 00495030 00000000 00bf1375 00000000 00495030 00000000
001959f8: 00bf1375 00000000 00495030 00000000 00bf1375 00000000 00495030 00000000
00195a18: 00bf1375 00000000 00495030 00000000 00bf1375 00000000 00495030 00000000
00195a38: 00bf1375 00000000 00495030 00000000 00bf1375 00000000 00495030 00000000
00195a58: 00bf1375 00000000 00495030 00000000 00bf1375 00000000 00495030 00000000
00195a78: 00bf1375 00000000 00495030 00000000 00bf1375 00000000 00495030 00000000
00195a98: 00bf1375 00000000 00495030 00000000 00bf1375 00000000 00495030 00000000
00195ab8: 00bf1375 00000000 00495030 00000000 00bf1375 00000000 00495030 00000000
00195ad8: 00bf1375 00000000 00495030 00000000 00bf1375 00000000 00495030 00000000
00195af8: 00bf1375 00000000 00495030 00000000 00bf1375 00000000 00495030 00000000
00195b18: 00bf1375 00000000 00495030 00000000 00bf1375 00000000 00495030 00000000
00195b38: 00bf1375 00000000 00495030 00000000 00bf1375 00000000 00495030 00000000
00195b58: 00bf1375 00000000 00495030 00000000 00bf1375 00000000 00495030 00000000
00195b78: 00bf1375 00000000 00495030 00000000 00bf1375 00000000 00495030 00000000
00195b98: 00bf1375 00000000 00495030 00000000 00bf1375 00000000 00495030 00000000
00195bb8: 00bf1375 00000000 00495030 00000000 00bf1375 00000000 00495030 00000000
00195bd8: 00bf1375 00000000 00495030 00000000 00bf1375 00000000 00495030 00000000
00195bf8: 00bf1375 00000000 00495030 00000000 00bf1375 00000000 00495030 00000000
00195c18: 00bf1375 00000000 00495030 00000000 00bf1375 00000000 00495030 00000000
00195c38: 00bf1375 00000000 00495030 00000000 00bf1375 00000000 00495030 00000000
00195c58: 00bf1375 00000000 00495030 00000000 00bf1375 00000000 00495030 00000000
00195c78: 00bf1375 00000000 00495030 00000000 00bf1375 00000000 00495030 00000000
00195c98: 00bf1375 00000000 00495030 00000000 00bf1375 00000000 00495030 00000000
00195cb8: 00bf1375 00000000 00495030 00000000 00bf1375 00000000 00495030 00000000
00195cd8: 00bf1375 00000000 00495030 00000000 00bf1375 00000000 00495030 00000000
00195cf8: 00bf1375 00000000 00495030 00000000 00bf1375 00000000 00495030 00000000
00195d18: 00bf1375 00000000 00495030 00000000 00bf1375 00000000 00495030 00000000
00195d38: 00bf1375 00000000 00495030 00000000 00bf1375 00000000 00495030 00000000
00195d58: 00bf1375 00000000 00495030 00000000 00bf1375 00000000 00495030 00000000

	Module list: names, addresses, sizes, time stamps and file times:
D:\PG-Source\InternalLib\PatchApps\Installer\GSP\InstallFiles\OpenAL32.dll, loaded at 0x001e0000 - 110592 bytes - 4630e466 - file date is 9/12/2017 16:42:10
D:\PG-Source\InternalLib\PatchApps\Installer\GSP\InstallFiles\Tartaros.bin, loaded at 0x00400000 - 12471808 bytes - 59b207c7 - file date is 9/12/2017 16:42:10
D:\PG-Source\InternalLib\PatchApps\Installer\GSP\InstallFiles\libogg.dll, loaded at 0x010a0000 - 45568 bytes - 539bd171 - file date is 9/12/2017 16:42:12
D:\PG-Source\InternalLib\PatchApps\Installer\GSP\InstallFiles\libvorbis.dll, loaded at 0x01620000 - 775680 bytes - 539bd176 - file date is 9/12/2017 16:42:12
C:\Program Files\RaonSecure\NxWeb\TENXWGuard32.dll, loaded at 0x04180000 - 332592 bytes - 58c01988 - file date is 3/14/2017 11:24:50
C:\WINDOWS\system32\ImageSAFERFilter.dll, loaded at 0x08fa0000 - 161280 bytes - 546988f8 - file date is 11/17/2014 14:34:50
C:\WINDOWS\SYSTEM32\TextInputFramework.dll, loaded at 0x0a5d0000 - 414296 bytes - cfc381c4 - file date is 7/28/2017 13:33:08
C:\WINDOWS\SYSTEM32\D3DREF9.DLL, loaded at 0x0ac60000 - 349416 bytes - 43d958f0 - file date is 1/8/2007 15:29:34
D:\PG-Source\InternalLib\PatchApps\Installer\GSP\InstallFiles\libvorbisfile.dll, loaded at 0x10000000 - 93184 bytes - 539bd150 - file date is 9/12/2017 16:42:12
D:\PG-Source\InternalLib\PatchApps\Installer\GSP\InstallFiles\d3dx9_32.dll, loaded at 0x5e750000 - 3426072 bytes - 456cd8c3 - file date is 9/12/2017 16:42:12
D:\PG-Source\InternalLib\PatchApps\Installer\GSP\InstallFiles\ijl15.dll, loaded at 0x60000000 - 352256 bytes - 3b15682b - file date is 9/12/2017 16:42:12
C:\WINDOWS\SYSTEM32\DDRAW.dll, loaded at 0x606f0000 - 545792 bytes - eca5f2bf - file date is 3/19/2017 05:59:00
C:\WINDOWS\SYSTEM32\midimap.dll, loaded at 0x61900000 - 18944 bytes - 05994704 - file date is 3/19/2017 05:58:46
C:\WINDOWS\SYSTEM32\msacm32.drv, loaded at 0x61910000 - 24576 bytes - fda0d72b - file date is 3/19/2017 05:58:46
C:\WINDOWS\SYSTEM32\wdmaud.drv, loaded at 0x61ba0000 - 209920 bytes - 8626ccce - file date is 7/20/2017 16:51:04
C:\WINDOWS\SYSTEM32\DINPUT8.dll, loaded at 0x63b80000 - 175104 bytes - 535185de - file date is 3/19/2017 05:58:46
C:\WINDOWS\SYSTEM32\HID.DLL, loaded at 0x640f0000 - 25600 bytes - 46f3a70c - file date is 3/19/2017 05:58:50
C:\Program Files (x86)\NVIDIA Corporation\3D Vision\nvSCPAPI.dll, loaded at 0x65050000 - 757240 bytes - 588218b3 - file date is 1/20/2017 23:07:38
C:\WINDOWS\SYSTEM32\DCIMAN32.dll, loaded at 0x68c10000 - 11776 bytes - e684a33b - file date is 3/19/2017 05:59:00
C:\WINDOWS\SYSTEM32\ksuser.dll, loaded at 0x68c80000 - 20216 bytes - 9b32c8b6 - file date is 3/19/2017 05:58:40
C:\Windows\System32\IME\shared\imjkapi.dll, loaded at 0x6beb0000 - 180224 bytes - 4e1b2596 - file date is 3/19/2017 05:59:00
C:\WINDOWS\SYSTEM32\DUI70.dll, loaded at 0x6e0c0000 - 1474048 bytes - 084ee59d - file date is 3/19/2017 05:59:00
C:\WINDOWS\SYSTEM32\dsound.dll, loaded at 0x6e230000 - 488960 bytes - d728a81b - file date is 3/19/2017 05:58:46
C:\Windows\System32\IME\shared\imetip.dll, loaded at 0x6e2b0000 - 1099776 bytes - 0a70805a - file date is 3/19/2017 05:59:00
C:\Windows\System32\IME\IMEKR\imkrtip.dll, loaded at 0x6ee20000 - 728576 bytes - d0db2700 - file date is 3/19/2017 06:00:06
C:\WINDOWS\system32\nvapi.dll, loaded at 0x6ef40000 - 3647864 bytes - 5907919c - file date is 5/19/2017 17:47:18
C:\Windows\System32\IME\IMEKR\imkrapi.dll, loaded at 0x6f310000 - 183296 bytes - 01f8fa79 - file date is 3/19/2017 06:00:06
C:\WINDOWS\SYSTEM32\wintypes.dll, loaded at 0x6f5d0000 - 856416 bytes - fa665949 - file date is 3/19/2017 05:58:50
C:\WINDOWS\SYSTEM32\AUDIOSES.DLL, loaded at 0x6f6b0000 - 864248 bytes - 67c8cdfa - file date is 7/28/2017 13:36:20
C:\WINDOWS\system32\nvspcap.dll, loaded at 0x6f790000 - 1472960 bytes - 59001d22 - file date is 4/26/2017 14:40:36
C:\WINDOWS\SYSTEM32\MSACM32.dll, loaded at 0x6f990000 - 90464 bytes - 5e2a33ce - file date is 7/28/2017 13:36:20
C:\WINDOWS\SYSTEM32\AVRT.dll, loaded at 0x6f9d0000 - 28992 bytes - de191a9c - file date is 3/19/2017 05:58:40
C:\WINDOWS\SYSTEM32\MMDevAPI.DLL, loaded at 0x6f9e0000 - 354400 bytes - 9e5f269f - file date is 7/20/2017 16:51:04
C:\WINDOWS\SYSTEM32\CoreUIComponents.dll, loaded at 0x6faa0000 - 2259768 bytes - c1de9755 - file date is 7/28/2017 13:47:12
C:\WINDOWS\SYSTEM32\CoreMessaging.dll, loaded at 0x6fcd0000 - 583160 bytes - 2c8c4c0b - file date is 7/28/2017 13:33:18
C:\WINDOWS\SYSTEM32\usermgrcli.dll, loaded at 0x6ff60000 - 55872 bytes - 358a0521 - file date is 3/19/2017 05:58:50
C:\WINDOWS\System32\winrnr.dll, loaded at 0x6ff70000 - 23040 bytes - adf31bca - file date is 3/19/2017 05:58:44
C:\WINDOWS\system32\NLAapi.dll, loaded at 0x6ff80000 - 63488 bytes - 6eeb4c3b - file date is 3/19/2017 05:58:50
C:\WINDOWS\system32\pnrpnsp.dll, loaded at 0x70010000 - 70144 bytes - 2e795ee0 - file date is 3/19/2017 05:59:52
C:\WINDOWS\system32\napinsp.dll, loaded at 0x70030000 - 54784 bytes - a45f63b1 - file date is 3/19/2017 05:58:46
C:\WINDOWS\SYSTEM32\iertutil.dll, loaded at 0x708e0000 - 2165752 bytes - 0804d731 - file date is 8/1/2017 11:36:20
C:\Program Files (x86)\Bonjour\mdnsNSP.dll, loaded at 0x70f30000 - 122128 bytes - 55cbcd43 - file date is 8/12/2015 16:03:38
C:\WINDOWS\SYSTEM32\urlmon.dll, loaded at 0x70fb0000 - 1627136 bytes - 2a9bcc88 - file date is 8/1/2017 11:03:28
C:\WINDOWS\system32\d3d9.dll, loaded at 0x71340000 - 1436952 bytes - 7f8d5e6e - file date is 3/19/2017 05:59:02
C:\WINDOWS\SYSTEM32\dxgi.dll, loaded at 0x71960000 - 551200 bytes - 21fe2342 - file date is 7/28/2017 13:40:46
C:\WINDOWS\SYSTEM32\OLEACC.dll, loaded at 0x721c0000 - 331776 bytes - 13ce0da5 - file date is 7/20/2017 16:51:04
C:\WINDOWS\SYSTEM32\DNSAPI.dll, loaded at 0x724d0000 - 508344 bytes - 3b29fa70 - file date is 3/19/2017 05:58:46
C:\WINDOWS\system32\uxtheme.dll, loaded at 0x72750000 - 474112 bytes - c5b8fa1e - file date is 3/19/2017 05:58:58
C:\WINDOWS\SYSTEM32\PROPSYS.dll, loaded at 0x727d0000 - 1465360 bytes - cc044daa - file date is 3/19/2017 05:58:52
C:\WINDOWS\system32\dbghelp.dll, loaded at 0x729f0000 - 1285120 bytes - 26077a38 - file date is 7/20/2017 16:51:04
C:\WINDOWS\SYSTEM32\dwmapi.dll, loaded at 0x72bc0000 - 125344 bytes - 5c0eb267 - file date is 7/20/2017 16:51:04
C:\WINDOWS\SYSTEM32\GLU32.dll, loaded at 0x72bf0000 - 138240 bytes - bb23f9b1 - file date is 3/19/2017 05:58:52
C:\WINDOWS\SYSTEM32\Opengl32.dll, loaded at 0x72c20000 - 776704 bytes - d0083079 - file date is 3/19/2017 05:58:52
C:\WINDOWS\SYSTEM32\DEVOBJ.dll, loaded at 0x72dc0000 - 131784 bytes - 7f198107 - file date is 3/19/2017 05:58:50
C:\WINDOWS\System32\fwpuclnt.dll, loaded at 0x72df0000 - 285184 bytes - 23755661 - file date is 3/19/2017 05:58:50
C:\Windows\System32\rasadhlp.dll, loaded at 0x72e40000 - 12800 bytes - 4ccb4f3d - file date is 3/19/2017 05:58:46
C:\WINDOWS\SYSTEM32\MSIMG32.dll, loaded at 0x72ea0000 - 7168 bytes - 957b38c6 - file date is 3/19/2017 05:59:00
C:\WINDOWS\SYSTEM32\WININET.dll, loaded at 0x72eb0000 - 2859520 bytes - f4423bc5 - file date is 7/20/2017 16:51:12
C:\WINDOWS\system32\rsaenh.dll, loaded at 0x73220000 - 183448 bytes - fab6c790 - file date is 3/19/2017 05:58:48
C:\WINDOWS\WinSxS\x86_microsoft.vc90.crt_1fc8b3b9a1e18e3b_9.0.30729.9279_none_50939ec6bcb7c97c\MSVCP90.dll, loaded at 0x73720000 - 570520 bytes - 57fb316d - file date is 3/19/2017 05:56:52
C:\WINDOWS\System32\mswsock.dll, loaded at 0x737b0000 - 305568 bytes - 21ff5f88 - file date is 3/19/2017 05:58:46
C:\WINDOWS\SYSTEM32\CRYPTSP.dll, loaded at 0x73800000 - 67760 bytes - d458f4bc - file date is 3/19/2017 05:58:50
C:\WINDOWS\SYSTEM32\IPHLPAPI.DLL, loaded at 0x73830000 - 187544 bytes - 9fef3683 - file date is 3/19/2017 05:58:46
C:\WINDOWS\SYSTEM32\WINHTTP.dll, loaded at 0x738e0000 - 703576 bytes - e3bf748c - file date is 3/19/2017 05:58:50
C:\WINDOWS\SYSTEM32\ntmarta.dll, loaded at 0x73990000 - 152440 bytes - 141a9307 - file date is 3/19/2017 05:58:52
C:\WINDOWS\SYSTEM32\VERSION.dll, loaded at 0x73b00000 - 27424 bytes - c7f70570 - file date is 3/19/2017 05:59:00
C:\WINDOWS\SYSTEM32\winmmbase.dll, loaded at 0x73b30000 - 129736 bytes - 42a740b0 - file date is 3/19/2017 05:58:46
C:\WINDOWS\SYSTEM32\WINMM.dll, loaded at 0x73b60000 - 135440 bytes - dba5a21b - file date is 3/19/2017 05:58:46
C:\WINDOWS\WinSxS\x86_microsoft.windows.common-controls_6595b64144ccf1df_5.82.15063.413_none_55bc94a37c2a2854\COMCTL32.dll, loaded at 0x73e10000 - 573856 bytes - 01dcf8b2 - file date is 7/20/2017 16:45:08
C:\WINDOWS\SYSTEM32\WTSAPI32.dll, loaded at 0x73ed0000 - 53272 bytes - b8d1b416 - file date is 3/19/2017 05:59:00
C:\WINDOWS\SYSTEM32\apphelp.dll, loaded at 0x73ee0000 - 584192 bytes - 63786941 - file date is 7/20/2017 16:51:10
C:\WINDOWS\system32\IMGSF50Filter.dll, loaded at 0x73fa0000 - 160720 bytes - 57673bba - file date is 6/20/2016 09:44:06
C:\WINDOWS\system32\dbgcore.DLL, loaded at 0x73fd0000 - 133632 bytes - 48172f06 - file date is 3/19/2017 05:58:50
C:\WINDOWS\WinSxS\x86_microsoft.vc90.crt_1fc8b3b9a1e18e3b_9.0.30729.9279_none_50939ec6bcb7c97c\MSVCR90.dll, loaded at 0x74000000 - 653976 bytes - 57fb316a - file date is 3/19/2017 05:56:52
C:\WINDOWS\SYSTEM32\bcrypt.dll, loaded at 0x740b0000 - 93536 bytes - b1f01b73 - file date is 3/19/2017 05:58:48
C:\WINDOWS\System32\CRYPTBASE.dll, loaded at 0x74140000 - 31592 bytes - 0adc52c1 - file date is 3/19/2017 05:58:46
C:\WINDOWS\System32\SspiCli.dll, loaded at 0x74150000 - 124544 bytes - fb75f8ef - file date is 3/19/2017 05:58:46
C:\WINDOWS\System32\MSCTF.dll, loaded at 0x74170000 - 1333136 bytes - f15a06e2 - file date is 7/20/2017 16:45:02
C:\WINDOWS\System32\powrprof.dll, loaded at 0x742c0000 - 276400 bytes - c9e7fbf3 - file date is 3/19/2017 05:58:50
C:\WINDOWS\System32\SHELL32.dll, loaded at 0x74310000 - 20373408 bytes - 2c60d0b0 - file date is 7/28/2017 13:36:22
C:\WINDOWS\System32\WS2_32.dll, loaded at 0x75660000 - 415864 bytes - cd80334c - file date is 3/19/2017 05:58:46
C:\WINDOWS\System32\cfgmgr32.dll, loaded at 0x756d0000 - 226816 bytes - a58be652 - file date is 3/19/2017 05:58:50
C:\WINDOWS\System32\kernel.appcore.dll, loaded at 0x75710000 - 47096 bytes - c0fdaaf3 - file date is 3/19/2017 05:58:48
C:\WINDOWS\System32\psapi.dll, loaded at 0x75720000 - 17112 bytes - 7132e24f - file date is 3/19/2017 05:58:40
C:\WINDOWS\System32\NSI.dll, loaded at 0x75730000 - 20216 bytes - bd40c4ed - file date is 3/19/2017 05:57:36
C:\WINDOWS\System32\shcore.dll, loaded at 0x75830000 - 569264 bytes - a4600765 - file date is 3/19/2017 05:58:56
C:\WINDOWS\System32\ADVAPI32.dll, loaded at 0x758c0000 - 480920 bytes - ff0cc3b5 - file date is 3/19/2017 05:58:40
C:\WINDOWS\System32\shlwapi.dll, loaded at 0x75940000 - 277432 bytes - 4a08aeab - file date is 7/28/2017 13:35:34
C:\WINDOWS\System32\WINTRUST.DLL, loaded at 0x75b00000 - 276880 bytes - 66a7a75c - file date is 3/19/2017 05:58:48
C:\WINDOWS\System32\SETUPAPI.dll, loaded at 0x75b50000 - 4330920 bytes - bc902146 - file date is 3/19/2017 05:58:40
C:\WINDOWS\System32\clbcatq.dll, loaded at 0x75fd0000 - 521728 bytes - f10d48dc - file date is 3/19/2017 05:58:42
C:\WINDOWS\System32\GDI32.dll, loaded at 0x76060000 - 129184 bytes - 88a53c1d - file date is 7/20/2017 16:51:12
C:\WINDOWS\System32\ucrtbase.dll, loaded at 0x76090000 - 1150784 bytes - a96ab320 - file date is 7/20/2017 16:51:12
C:\WINDOWS\System32\gdi32full.dll, loaded at 0x761b0000 - 1409048 bytes - 1d4513d2 - file date is 7/20/2017 16:45:02
C:\WINDOWS\System32\bcryptPrimitives.dll, loaded at 0x76310000 - 354360 bytes - 6a4896c9 - file date is 7/20/2017 16:45:02
C:\WINDOWS\System32\win32u.dll, loaded at 0x76370000 - 81176 bytes - a353bf8f - file date is 3/19/2017 05:59:00
C:\WINDOWS\System32\IMM32.dll, loaded at 0x76390000 - 143672 bytes - a39c8991 - file date is 3/19/2017 05:59:02
C:\WINDOWS\System32\msvcrt.dll, loaded at 0x763c0000 - 769608 bytes - ce3b7a18 - file date is 3/19/2017 05:58:46
C:\WINDOWS\System32\profapi.dll, loaded at 0x76480000 - 59456 bytes - 927d6acf - file date is 3/19/2017 05:58:46
C:\WINDOWS\System32\crypt32.dll, loaded at 0x76500000 - 1557288 bytes - 8b58a477 - file date is 7/20/2017 16:45:02
C:\WINDOWS\System32\KERNELBASE.dll, loaded at 0x76680000 - 1839872 bytes - c3955624 - file date is 7/28/2017 13:48:22
C:\WINDOWS\System32\RPCRT4.dll, loaded at 0x76850000 - 787712 bytes - 79914e66 - file date is 7/20/2017 16:51:10
C:\WINDOWS\System32\msvcp_win.dll, loaded at 0x76910000 - 491232 bytes - 35ff7a14 - file date is 3/19/2017 05:58:46
C:\WINDOWS\System32\ole32.dll, loaded at 0x76990000 - 988168 bytes - 92048484 - file date is 7/28/2017 13:35:58
C:\WINDOWS\System32\MSASN1.dll, loaded at 0x76a90000 - 49656 bytes - 82f8206d - file date is 7/20/2017 16:51:04
C:\WINDOWS\System32\sechost.dll, loaded at 0x76aa0000 - 257792 bytes - 8ce1565a - file date is 3/19/2017 05:58:46
C:\WINDOWS\System32\KERNEL32.DLL, loaded at 0x76af0000 - 599576 bytes - ab7aae51 - file date is 7/20/2017 16:45:08
C:\WINDOWS\System32\imagehlp.dll, loaded at 0x76bc0000 - 95584 bytes - ae28dba8 - file date is 7/20/2017 16:45:04
C:\WINDOWS\System32\OLEAUT32.dll, loaded at 0x76be0000 - 606960 bytes - 24e598c7 - file date is 7/20/2017 16:45:02
C:\WINDOWS\System32\combase.dll, loaded at 0x76d10000 - 2330520 bytes - 8543d53c - file date is 7/20/2017 16:51:04
C:\WINDOWS\System32\USER32.dll, loaded at 0x76f50000 - 1292872 bytes - f1260d44 - file date is 3/19/2017 05:59:02
C:\WINDOWS\System32\windows.storage.dll, loaded at 0x770f0000 - 5820984 bytes - e014ac2f - file date is 7/28/2017 13:40:20
C:\WINDOWS\SYSTEM32\ntdll.dll, loaded at 0x77680000 - 1620368 bytes - d51d5c5e - file date is 7/20/2017 16:51:12


****** Game Log Start ******

[170912][17:39:47][0977854375] WARNING: StringMap: Couldn't find key 'kTiosConverterExpInfo'
[170912][17:39:47][0977854375] *Client Launch Time: 2017-9-12 17:39:47

[170912][17:39:47][0977854390] *Client info: Rev. 45155 / Built on 11:51:40, Sep  8 2017
[170912][17:39:47][0977854500] Found 4 font(s)
[170912][17:39:52][0977859234] Not supported operation
[170912][17:39:52][0977859234] Not supported operation
[170912][17:39:52][0977859234] Not supported operation
[170912][17:39:52][0977859234] Not supported operation
[170912][17:40:16][0977882812] Your Graphic Card: NVIDIA GeForce GTX 550 Ti (#0)(HAL, hwvp)
[170912][17:40:16][0977882906] Available Mode: 1024 x 768 x 32 @ 60 hz
[170912][17:40:16][0977882906] Available Mode: 1152 x 864 x 32 @ 60 hz
[170912][17:40:16][0977882906] Available Mode: 1280 x 720 x 32 @ 60 hz
[170912][17:40:16][0977882906] Available Mode: 1280 x 768 x 32 @ 60 hz
[170912][17:40:16][0977882906] Available Mode: 1280 x 800 x 32 @ 60 hz
[170912][17:40:16][0977882906] Available Mode: 1280 x 960 x 32 @ 60 hz
[170912][17:40:16][0977882906] Available Mode: 1280 x 1024 x 32 @ 60 hz
[170912][17:40:16][0977882906] Available Mode: 1600 x 900 x 32 @ 60 hz
[170912][17:40:16][0977882906] Available Mode: 1600 x 1200 x 32 @ 60 hz
[170912][17:40:16][0977882906] Available Mode: 1680 x 1050 x 32 @ 60 hz
[170912][17:40:16][0977882906] Available Mode: 1920 x 1080 x 32 @ 60 hz
[170912][17:40:16][0977882906] Available Mode: 1920 x 1200 x 32 @ 60 hz
[170912][17:40:16][0977882906] Available Mode: 1440 x 900 x 32 @ 60 hz
[170912][17:40:16][0977882906] Available Mode: 1360 x 765 x 32 @ 60 hz
[170912][17:40:16][0977882906] Available Mode: 1024 x 768 x 16 @ 60 hz
[170912][17:40:16][0977882906] Available Mode: 1152 x 864 x 16 @ 60 hz
[170912][17:40:16][0977882906] Available Mode: 1280 x 720 x 16 @ 60 hz
[170912][17:40:16][0977882906] Available Mode: 1280 x 768 x 16 @ 60 hz
[170912][17:40:16][0977882906] Available Mode: 1280 x 800 x 16 @ 60 hz
[170912][17:40:16][0977882906] Available Mode: 1280 x 960 x 16 @ 60 hz
[170912][17:40:16][0977882906] Available Mode: 1280 x 1024 x 16 @ 60 hz
[170912][17:40:16][0977882906] Available Mode: 1600 x 900 x 16 @ 60 hz
[170912][17:40:16][0977882906] Available Mode: 1600 x 1200 x 16 @ 60 hz
[170912][17:40:16][0977882906] Available Mode: 1680 x 1050 x 16 @ 60 hz
[170912][17:40:16][0977882906] Available Mode: 1920 x 1080 x 16 @ 60 hz
[170912][17:40:16][0977882906] Available Mode: 1920 x 1200 x 16 @ 60 hz
[170912][17:40:16][0977882906] Available Mode: 1440 x 900 x 16 @ 60 hz
[170912][17:40:16][0977882906] Available Mode: 1360 x 765 x 16 @ 60 hz
[170912][17:40:20][0977886765] TYPE: 21
[170912][17:40:20][0977886765] TYPE: 21
[170912][17:40:20][0977886765] TYPE: 21
[170912][17:40:20][0977886765] TYPE: 21
[170912][17:40:20][0977886765] TYPE: 21
[170912][17:40:20][0977886765] TYPE: 21
[170912][17:40:20][0977886765] TYPE: 21
[170912][17:40:20][0977886765] TYPE: 21
[170912][17:40:20][0977886765] TYPE: 21
[170912][17:40:20][0977886765] TYPE: 21
[170912][17:40:20][0977886765] TYPE: 21
[170912][17:40:20][0977886765] TYPE: 21
[170912][17:40:20][0977886765] TYPE: 21
[170912][17:40:20][0977886765] TYPE: 21
[170912][17:40:20][0977886781] TYPE: 21
[170912][17:40:20][0977886781] TYPE: 21
[170912][17:40:22][0977888890] TYPE: 894720068
[170912][17:40:22][0977888890] TYPE: 894720068
[170912][17:40:22][0977888890] TYPE: 894720068
[170912][17:40:22][0977888906] TYPE: 894720068
[170912][17:40:22][0977888937] TYPE: 894720068
[170912][17:40:22][0977888937] TYPE: 21
[170912][17:40:22][0977888937] TYPE: 21
[170912][17:40:22][0977888937] TYPE: 21
[170912][17:40:22][0977888937] TYPE: 21
[170912][17:40:22][0977888953] TYPE: 21
[170912][17:40:22][0977888953] TYPE: 21
[170912][17:40:22][0977888953] TYPE: 21
[170912][17:40:22][0977888953] TYPE: 21
[170912][17:40:22][0977888953] TYPE: 21
[170912][17:40:22][0977888953] TYPE: 21
[170912][17:40:22][0977888968] TYPE: 827611204
[170912][17:40:22][0977889000] TYPE: 894720068
[170912][17:40:22][0977889000] Next Scene: FIRS
[170912][17:40:23][0977889750] Loaded default Joypad mapping.
[170912][17:40:23][0977889750] Next Scene: LOGI
[170912][17:40:24][0977890968] TYPE: 894720068
[170912][17:40:24][0977891031] TYPE: 827611204
[170912][17:40:24][0977891203] Took screenshot
